<?xml version="1.0" encoding="UTF-8"?>
<testsuites name="Mocha Tests" time="0.0470" tests="1" failures="0">
  <testsuite name="Root Suite" timestamp="2020-05-31T16:06:20" tests="0" time="0.0000" failures="0">
  </testsuite>
  <testsuite name="Service Tests" timestamp="2020-05-31T16:06:20" tests="1" file="/Users/kevinjme/brikev/taxi-tpv-tickets-api/test/service.test.js" time="0.0470" failures="0">
    <testcase name="Service Tests returns manifest" time="0.0470" classname="returns manifest">
    </testcase>
  </testsuite>
</testsuites>